// Jest Snapshot v1, https://goo.gl/fbAQLP

exports[`renders correctly 1`] = `
<div
  className="cheque"
>
  <div
    className="cheque__payee-and-date-container"
  >
    <div
      className="cheque__payee"
    >
      mockpayee
    </div>
    <div>
      DATE: 
      <span
        className="cheque__date"
      >
        2020-10-10
      </span>
    </div>
  </div>
  <div
    className="cheque__text-and-amount-container"
  >
    <div
      className="cheque__value-text"
    >
      one hundred dollars
    </div>
    <div>
      $ 100
    </div>
  </div>
  <div
    className="cheque__barcode-and-signature"
  >
    <div
      className="cheque__bottom-numbers"
    >
      1234:-5678:--..9010::123..-123-522-42
    </div>
    <div
      className="cheque__signature"
    >
      Keshan Peiris
    </div>
  </div>
</div>
`;
